2026-04-09 15:07:45  [INFO ] Starting tailoring trainer (target: 100.0).
2026-04-09 15:07:45  [OK   ] Skill 49.0 — now crafting: thigh boots (minSkill 41.4)
2026-04-09 15:07:50  [WARN ] WaitForGump missed CRAFT_GUMP_ID (949095101). Actual gump ID: 2653346093 — update CRAFT_GUMP_ID.
2026-04-09 15:07:50  [WARN ] Proceeding with actual gump ID 2653346093.
2026-04-09 15:08:05  [WARN ] WaitForGump missed CRAFT_GUMP_ID (949095101). Actual gump ID: 2653346093 — update CRAFT_GUMP_ID.
2026-04-09 15:08:05  [WARN ] Proceeding with actual gump ID 2653346093.
2026-04-09 15:08:20  [WARN ] WaitForGump missed CRAFT_GUMP_ID (949095101). Actual gump ID: 2653346093 — update CRAFT_GUMP_ID.
2026-04-09 15:08:20  [WARN ] Proceeding with actual gump ID 2653346093.
2026-04-09 15:08:35  [WARN ] WaitForGump missed CRAFT_GUMP_ID (949095101). Actual gump ID: 2653346093 — update CRAFT_GUMP_ID.
2026-04-09 15:08:35  [WARN ] Proceeding with actual gump ID 2653346093.
2026-04-09 15:08:50  [WARN ] WaitForGump missed CRAFT_GUMP_ID (949095101). Actual gump ID: 2653346093 — update CRAFT_GUMP_ID.
2026-04-09 15:08:50  [WARN ] Proceeding with actual gump ID 2653346093.
2026-04-09 15:09:04  [WARN ] WaitForGump missed CRAFT_GUMP_ID (949095101). Actual gump ID: 2653346093 — update CRAFT_GUMP_ID.
2026-04-09 15:09:04  [WARN ] Proceeding with actual gump ID 2653346093.
2026-04-09 15:09:19  [WARN ] WaitForGump missed CRAFT_GUMP_ID (949095101). Actual gump ID: 2653346093 — update CRAFT_GUMP_ID.
2026-04-09 15:09:19  [WARN ] Proceeding with actual gump ID 2653346093.
2026-04-09 15:09:34  [WARN ] WaitForGump missed CRAFT_GUMP_ID (949095101). Actual gump ID: 2653346093 — update CRAFT_GUMP_ID.
2026-04-09 15:09:34  [WARN ] Proceeding with actual gump ID 2653346093.
2026-04-09 15:09:49  [WARN ] WaitForGump missed CRAFT_GUMP_ID (949095101). Actual gump ID: 2653346093 — update CRAFT_GUMP_ID.
2026-04-09 15:09:49  [WARN ] Proceeding with actual gump ID 2653346093.
2026-04-09 15:10:04  [WARN ] WaitForGump missed CRAFT_GUMP_ID (949095101). Actual gump ID: 2653346093 — update CRAFT_GUMP_ID.
2026-04-09 15:10:04  [WARN ] Proceeding with actual gump ID 2653346093.
2026-04-09 15:10:18  [WARN ] WaitForGump missed CRAFT_GUMP_ID (949095101). Actual gump ID: 2653346093 — update CRAFT_GUMP_ID.
2026-04-09 15:10:18  [WARN ] Proceeding with actual gump ID 2653346093.
2026-04-09 15:10:33  [WARN ] WaitForGump missed CRAFT_GUMP_ID (949095101). Actual gump ID: 2653346093 — update CRAFT_GUMP_ID.
2026-04-09 15:10:33  [WARN ] Proceeding with actual gump ID 2653346093.
2026-04-09 15:10:48  [WARN ] WaitForGump missed CRAFT_GUMP_ID (949095101). Actual gump ID: 2653346093 — update CRAFT_GUMP_ID.
2026-04-09 15:10:48  [WARN ] Proceeding with actual gump ID 2653346093.
2026-04-09 15:11:03  [WARN ] WaitForGump missed CRAFT_GUMP_ID (949095101). Actual gump ID: 2653346093 — update CRAFT_GUMP_ID.
2026-04-09 15:11:03  [WARN ] Proceeding with actual gump ID 2653346093.
2026-04-09 15:11:18  [WARN ] WaitForGump missed CRAFT_GUMP_ID (949095101). Actual gump ID: 2653346093 — update CRAFT_GUMP_ID.
2026-04-09 15:11:18  [WARN ] Proceeding with actual gump ID 2653346093.
2026-04-09 15:11:32  [WARN ] WaitForGump missed CRAFT_GUMP_ID (949095101). Actual gump ID: 2653346093 — update CRAFT_GUMP_ID.
2026-04-09 15:11:32  [WARN ] Proceeding with actual gump ID 2653346093.
2026-04-09 15:11:47  [WARN ] WaitForGump missed CRAFT_GUMP_ID (949095101). Actual gump ID: 2653346093 — update CRAFT_GUMP_ID.
2026-04-09 15:11:47  [WARN ] Proceeding with actual gump ID 2653346093.
2026-04-09 15:12:02  [WARN ] WaitForGump missed CRAFT_GUMP_ID (949095101). Actual gump ID: 2653346093 — update CRAFT_GUMP_ID.
2026-04-09 15:12:02  [WARN ] Proceeding with actual gump ID 2653346093.
2026-04-09 15:12:17  [WARN ] WaitForGump missed CRAFT_GUMP_ID (949095101). Actual gump ID: 2653346093 — update CRAFT_GUMP_ID.
2026-04-09 15:12:17  [WARN ] Proceeding with actual gump ID 2653346093.
2026-04-09 15:12:32  [WARN ] WaitForGump missed CRAFT_GUMP_ID (949095101). Actual gump ID: 2653346093 — update CRAFT_GUMP_ID.
2026-04-09 15:12:32  [WARN ] Proceeding with actual gump ID 2653346093.
2026-04-09 15:12:46  [WARN ] WaitForGump missed CRAFT_GUMP_ID (949095101). Actual gump ID: 2653346093 — update CRAFT_GUMP_ID.
2026-04-09 15:12:46  [WARN ] Proceeding with actual gump ID 2653346093.
2026-04-09 15:13:01  [WARN ] WaitForGump missed CRAFT_GUMP_ID (949095101). Actual gump ID: 2653346093 — update CRAFT_GUMP_ID.
2026-04-09 15:13:01  [WARN ] Proceeding with actual gump ID 2653346093.
2026-04-09 15:13:16  [WARN ] WaitForGump missed CRAFT_GUMP_ID (949095101). Actual gump ID: 2653346093 — update CRAFT_GUMP_ID.
2026-04-09 15:13:16  [WARN ] Proceeding with actual gump ID 2653346093.
2026-04-09 15:13:31  [WARN ] WaitForGump missed CRAFT_GUMP_ID (949095101). Actual gump ID: 2653346093 — update CRAFT_GUMP_ID.
2026-04-09 15:13:31  [WARN ] Proceeding with actual gump ID 2653346093.
2026-04-09 15:13:46  [WARN ] WaitForGump missed CRAFT_GUMP_ID (949095101). Actual gump ID: 2653346093 — update CRAFT_GUMP_ID.
2026-04-09 15:13:46  [WARN ] Proceeding with actual gump ID 2653346093.
2026-04-09 15:14:00  [WARN ] WaitForGump missed CRAFT_GUMP_ID (949095101). Actual gump ID: 2653346093 — update CRAFT_GUMP_ID.
2026-04-09 15:14:00  [WARN ] Proceeding with actual gump ID 2653346093.
2026-04-09 15:14:15  [WARN ] WaitForGump missed CRAFT_GUMP_ID (949095101). Actual gump ID: 2653346093 — update CRAFT_GUMP_ID.
2026-04-09 15:14:15  [WARN ] Proceeding with actual gump ID 2653346093.
2026-04-09 15:14:30  [WARN ] WaitForGump missed CRAFT_GUMP_ID (949095101). Actual gump ID: 2653346093 — update CRAFT_GUMP_ID.
2026-04-09 15:14:30  [WARN ] Proceeding with actual gump ID 2653346093.
2026-04-09 15:14:45  [WARN ] WaitForGump missed CRAFT_GUMP_ID (949095101). Actual gump ID: 2653346093 — update CRAFT_GUMP_ID.
2026-04-09 15:14:45  [WARN ] Proceeding with actual gump ID 2653346093.
2026-04-09 15:15:00  [WARN ] WaitForGump missed CRAFT_GUMP_ID (949095101). Actual gump ID: 2653346093 — update CRAFT_GUMP_ID.
2026-04-09 15:15:00  [WARN ] Proceeding with actual gump ID 2653346093.
2026-04-09 15:15:15  [WARN ] WaitForGump missed CRAFT_GUMP_ID (949095101). Actual gump ID: 2653346093 — update CRAFT_GUMP_ID.
2026-04-09 15:15:15  [WARN ] Proceeding with actual gump ID 2653346093.
2026-04-09 15:15:29  [WARN ] WaitForGump missed CRAFT_GUMP_ID (949095101). Actual gump ID: 2653346093 — update CRAFT_GUMP_ID.
2026-04-09 15:15:29  [WARN ] Proceeding with actual gump ID 2653346093.
2026-04-09 15:15:44  [WARN ] WaitForGump missed CRAFT_GUMP_ID (949095101). Actual gump ID: 2653346093 — update CRAFT_GUMP_ID.
2026-04-09 15:15:44  [WARN ] Proceeding with actual gump ID 2653346093.
2026-04-09 15:15:59  [WARN ] WaitForGump missed CRAFT_GUMP_ID (949095101). Actual gump ID: 2653346093 — update CRAFT_GUMP_ID.
2026-04-09 15:15:59  [WARN ] Proceeding with actual gump ID 2653346093.
2026-04-09 15:16:14  [WARN ] WaitForGump missed CRAFT_GUMP_ID (949095101). Actual gump ID: 2653346093 — update CRAFT_GUMP_ID.
2026-04-09 15:16:14  [WARN ] Proceeding with actual gump ID 2653346093.
2026-04-09 15:16:29  [WARN ] WaitForGump missed CRAFT_GUMP_ID (949095101). Actual gump ID: 2653346093 — update CRAFT_GUMP_ID.
2026-04-09 15:16:29  [WARN ] Proceeding with actual gump ID 2653346093.
2026-04-09 15:16:43  [WARN ] WaitForGump missed CRAFT_GUMP_ID (949095101). Actual gump ID: 2653346093 — update CRAFT_GUMP_ID.
2026-04-09 15:16:43  [WARN ] Proceeding with actual gump ID 2653346093.
2026-04-09 15:16:58  [WARN ] WaitForGump missed CRAFT_GUMP_ID (949095101). Actual gump ID: 2653346093 — update CRAFT_GUMP_ID.
2026-04-09 15:16:58  [WARN ] Proceeding with actual gump ID 2653346093.
2026-04-09 15:17:13  [WARN ] WaitForGump missed CRAFT_GUMP_ID (949095101). Actual gump ID: 2653346093 — update CRAFT_GUMP_ID.
2026-04-09 15:17:13  [WARN ] Proceeding with actual gump ID 2653346093.
2026-04-09 15:17:28  [WARN ] WaitForGump missed CRAFT_GUMP_ID (949095101). Actual gump ID: 2653346093 — update CRAFT_GUMP_ID.
2026-04-09 15:17:28  [WARN ] Proceeding with actual gump ID 2653346093.
2026-04-09 15:17:43  [WARN ] WaitForGump missed CRAFT_GUMP_ID (949095101). Actual gump ID: 2653346093 — update CRAFT_GUMP_ID.
2026-04-09 15:17:43  [WARN ] Proceeding with actual gump ID 2653346093.
2026-04-09 15:17:57  [WARN ] WaitForGump missed CRAFT_GUMP_ID (949095101). Actual gump ID: 2653346093 — update CRAFT_GUMP_ID.
2026-04-09 15:17:57  [WARN ] Proceeding with actual gump ID 2653346093.
2026-04-09 15:18:12  [WARN ] WaitForGump missed CRAFT_GUMP_ID (949095101). Actual gump ID: 2653346093 — update CRAFT_GUMP_ID.
2026-04-09 15:18:12  [WARN ] Proceeding with actual gump ID 2653346093.
2026-04-09 15:18:27  [WARN ] WaitForGump missed CRAFT_GUMP_ID (949095101). Actual gump ID: 2653346093 — update CRAFT_GUMP_ID.
2026-04-09 15:18:27  [WARN ] Proceeding with actual gump ID 2653346093.
2026-04-09 15:18:42  [WARN ] WaitForGump missed CRAFT_GUMP_ID (949095101). Actual gump ID: 2653346093 — update CRAFT_GUMP_ID.
2026-04-09 15:18:42  [WARN ] Proceeding with actual gump ID 2653346093.
2026-04-09 15:18:57  [WARN ] WaitForGump missed CRAFT_GUMP_ID (949095101). Actual gump ID: 2653346093 — update CRAFT_GUMP_ID.
2026-04-09 15:18:57  [WARN ] Proceeding with actual gump ID 2653346093.
2026-04-09 15:19:11  [WARN ] WaitForGump missed CRAFT_GUMP_ID (949095101). Actual gump ID: 2653346093 — update CRAFT_GUMP_ID.
2026-04-09 15:19:11  [WARN ] Proceeding with actual gump ID 2653346093.
2026-04-09 15:19:25  [INFO ] Starting tailoring trainer (target: 100.0).
2026-04-09 15:19:25  [OK   ] Skill 49.0 — now crafting: thigh boots (minSkill 41.4)
2026-04-09 15:19:25  [WARN ] Gump ID mismatch: expected 949095101, got 2653346093. Update CRAFT_GUMP_ID to 2653346093.
2026-04-09 15:19:30  [WARN ] Gump ID mismatch: expected 949095101, got 2653346093. Update CRAFT_GUMP_ID to 2653346093.
2026-04-09 15:19:35  [WARN ] Gump ID mismatch: expected 949095101, got 2653346093. Update CRAFT_GUMP_ID to 2653346093.
2026-04-09 18:12:30  [INFO ] Starting tailoring trainer (target: 100.0).
2026-04-09 18:12:30  [OK   ] Skill 49.1 — now crafting: thigh boots (minSkill 41.4)
2026-04-09 18:12:30  [INFO ] Need 10 more leather — pulling from chest.
2026-04-09 18:12:31  [OK   ] Materials ready: 10 leather in pack.
2026-04-09 18:12:32  [WARN ] Gump ID mismatch: expected 949095101, got 2653346093. Update CRAFT_GUMP_ID to 2653346093.
2026-04-09 18:12:36  [WARN ] Gump ID mismatch: expected 949095101, got 2653346093. Update CRAFT_GUMP_ID to 2653346093.
2026-04-09 18:12:41  [WARN ] Gump ID mismatch: expected 949095101, got 2653346093. Update CRAFT_GUMP_ID to 2653346093.
2026-04-09 18:12:46  [WARN ] Gump ID mismatch: expected 949095101, got 2653346093. Update CRAFT_GUMP_ID to 2653346093.
2026-04-09 18:12:51  [WARN ] Gump ID mismatch: expected 949095101, got 2653346093. Update CRAFT_GUMP_ID to 2653346093.
2026-04-09 18:12:56  [WARN ] Gump ID mismatch: expected 949095101, got 2653346093. Update CRAFT_GUMP_ID to 2653346093.
2026-04-09 18:13:01  [WARN ] Gump ID mismatch: expected 949095101, got 2653346093. Update CRAFT_GUMP_ID to 2653346093.
2026-04-09 18:13:05  [WARN ] Gump ID mismatch: expected 949095101, got 2653346093. Update CRAFT_GUMP_ID to 2653346093.
2026-04-09 18:13:10  [WARN ] Gump ID mismatch: expected 949095101, got 2653346093. Update CRAFT_GUMP_ID to 2653346093.
2026-04-09 18:17:41  [INFO ] Starting tailoring trainer (target: 100.0).
2026-04-09 18:17:41  [OK   ] Skill 49.1 — now crafting: thigh boots (minSkill 41.4)
2026-04-09 18:17:41  [WARN ] Gump ID mismatch: expected 949095101, got 2653346093. Update CRAFT_GUMP_ID to 2653346093.
2026-04-09 18:17:46  [WARN ] Gump ID mismatch: expected 949095101, got 2653346093. Update CRAFT_GUMP_ID to 2653346093.
2026-04-09 18:17:51  [WARN ] Gump ID mismatch: expected 949095101, got 2653346093. Update CRAFT_GUMP_ID to 2653346093.
2026-04-09 18:17:55  [WARN ] Gump ID mismatch: expected 949095101, got 2653346093. Update CRAFT_GUMP_ID to 2653346093.
2026-04-09 18:18:00  [WARN ] Gump ID mismatch: expected 949095101, got 2653346093. Update CRAFT_GUMP_ID to 2653346093.
2026-04-09 18:18:05  [WARN ] Gump ID mismatch: expected 949095101, got 2653346093. Update CRAFT_GUMP_ID to 2653346093.
2026-04-09 18:18:10  [WARN ] Gump ID mismatch: expected 949095101, got 2653346093. Update CRAFT_GUMP_ID to 2653346093.
2026-04-09 18:18:15  [WARN ] Gump ID mismatch: expected 949095101, got 2653346093. Update CRAFT_GUMP_ID to 2653346093.
2026-04-09 18:18:19  [WARN ] Gump ID mismatch: expected 949095101, got 2653346093. Update CRAFT_GUMP_ID to 2653346093.
2026-04-09 18:18:24  [WARN ] Gump ID mismatch: expected 949095101, got 2653346093. Update CRAFT_GUMP_ID to 2653346093.
2026-04-09 18:18:29  [WARN ] Gump ID mismatch: expected 949095101, got 2653346093. Update CRAFT_GUMP_ID to 2653346093.
2026-04-09 18:18:34  [WARN ] Gump ID mismatch: expected 949095101, got 2653346093. Update CRAFT_GUMP_ID to 2653346093.
2026-04-09 18:18:39  [WARN ] Gump ID mismatch: expected 949095101, got 2653346093. Update CRAFT_GUMP_ID to 2653346093.
2026-04-09 18:18:43  [WARN ] Gump ID mismatch: expected 949095101, got 2653346093. Update CRAFT_GUMP_ID to 2653346093.
2026-04-09 18:18:48  [WARN ] Gump ID mismatch: expected 949095101, got 2653346093. Update CRAFT_GUMP_ID to 2653346093.
2026-04-09 18:18:53  [WARN ] Gump ID mismatch: expected 949095101, got 2653346093. Update CRAFT_GUMP_ID to 2653346093.
2026-04-09 18:18:58  [WARN ] Gump ID mismatch: expected 949095101, got 2653346093. Update CRAFT_GUMP_ID to 2653346093.
2026-04-09 18:19:03  [WARN ] Gump ID mismatch: expected 949095101, got 2653346093. Update CRAFT_GUMP_ID to 2653346093.
2026-04-09 18:19:07  [WARN ] Gump ID mismatch: expected 949095101, got 2653346093. Update CRAFT_GUMP_ID to 2653346093.
2026-04-09 18:19:12  [WARN ] Gump ID mismatch: expected 949095101, got 2653346093. Update CRAFT_GUMP_ID to 2653346093.
2026-04-09 18:19:17  [WARN ] Gump ID mismatch: expected 949095101, got 2653346093. Update CRAFT_GUMP_ID to 2653346093.
2026-04-09 18:19:22  [WARN ] Gump ID mismatch: expected 949095101, got 2653346093. Update CRAFT_GUMP_ID to 2653346093.
2026-04-09 18:39:57  [INFO ] Starting tailoring trainer (target: 100.0).
2026-04-09 18:39:57  [OK   ] Skill 49.3 — now crafting: cloak (minSkill 41.4)
2026-04-09 18:39:57  [INFO ] Need 14 more cloth — pulling from chest.
2026-04-09 18:39:58  [ERROR] No cloth found in chest.
2026-04-09 18:39:58  [WARN ] Out of cloth — recycling crafted items and retrying.
2026-04-09 18:39:58  [OK   ] Recycled 0 item(s). Weight now 72/180.
2026-04-09 18:39:58  [ERROR] Still out of cloth after recycling — stopping.
2026-04-09 18:39:58  [INFO ] Session complete. Crafts this run: 0. Final skill: 49.3.
2026-04-09 18:44:28  [INFO ] Starting tailoring trainer (target: 100.0).
2026-04-09 18:44:28  [OK   ] Skill 49.7 — now crafting: cloak (minSkill 41.4)
2026-04-09 18:44:28  [WARN ] Gump ID mismatch: expected 949095101, got 2653346093. Update CRAFT_GUMP_ID to 2653346093.
2026-04-09 18:44:33  [WARN ] Overweight (194/180) — recycling crafted items.
